*2ip.ru
*4pda.ru
*4pda.to
*ads-twitter.com
*bigfangroup.org
*bitru.org
*card.in.ua
*cdninstagram.com
*scontent.cdninstagram.com
*static.cdninstagram.com
*chatgpt.com
*facebook.com
*facebook.net
*fb.com
*fbcdn.net
*fbsbx.com
*ggpht.com
*googletagmanager.com
*googlevideo.com
*instagram.com
*instagram.fhrk1-1.fna.fbcdn.net
*instagram.fkun2-1.fna.fbcdn.net
*instagram.frix7-1.fna.fbcdn.net
*instagram.fvno2-1.fna.fbcdn.net
*jetbrains.com
*kinozal.me
*kinozal.tv
*medium.com
*netflix.com
*netlify.com
*nflxext.com
*nflximg.net
*nflxvideo.net
*nnmclub.to
*nordvpn.com
*nntt.org
*openai.com
*patreon.com
*patriot.dp.ua
*paypal.com
*pb.wtf
*privatekeys.pw
*proton.me
*protonmail.ch
*protonmail.com
*redshieldvpn.com
*redtube.com
*rutor.info
*rutor.is
*rutor.org
*rutracker.cc
*rutracker.net
*rutracker.org
*rutracker.ru
*soundcloud.com
*swagger.io
*soapui.org
*telemetr.io
*thepiratebay.org
*threads.net
*twimg.com
*twirpx.com
*twitpic.com
*twitter.biz
*twitter.com
*twitter.jp
*twittercommunity.com
*twitterflightschool.com
*twitterinc.com
*twitteroauth.com
*twitterstat.us
*twtrdns.net
*twttr.com
*twttr.net
*twvid.com
*veeam.com
*x.com
*youtube.com
*youtubekids.com
*ytimg.com
